12:05:23 **** Incremental Build of configuration Debug for project best ****
make all 
make --no-print-directory pre-build
a9-linaro-pre-build-step
' '
make --no-print-directory main-build
'Building file: ../src/helloworld.c'
'Invoking: ARM v7 gcc compiler'
arm-none-eabi-gcc -Wall -O0 -g3 -c -fmessage-length=0 -MT"src/helloworld.o" -mcpu=cortex-a9 -mfpu=vfpv3 -mfloat-abi=hard -IC:/VITIS/fir_fpga_best/export/fir_fpga_best/sw/fir_fpga_best/standalone_ps7_cortexa9_0/bspinclude/include -MMD -MP -MF"src/helloworld.d" -MT"src/helloworld.o" -o "src/helloworld.o" "../src/helloworld.c"
'Finished building: ../src/helloworld.c'
' '
'Building target: best.elf'
'Invoking: ARM v7 gcc linker'
arm-none-eabi-gcc -mcpu=cortex-a9 -mfpu=vfpv3 -mfloat-abi=hard -Wl,-build-id=none -specs=Xilinx.spec -Wl,-T -Wl,../src/lscript.ld -LC:/VITIS/fir_fpga_best/export/fir_fpga_best/sw/fir_fpga_best/standalone_ps7_cortexa9_0/bsplib/lib -o "best.elf"  ./src/helloworld.o ./src/platform.o   -Wl,--start-group,-lxil,-lgcc,-lc,--end-group
'Finished building target: best.elf'
' '
'Invoking: ARM v7 Print Size'
arm-none-eabi-size best.elf  |tee "best.elf.size"
   text	   data	    bss	    dec	    hex	filename
  22697	   1144	  22568	  46409	   b549	best.elf
'Finished building: best.elf.size'
' '

12:05:26 Build Finished (took 2s.306ms)

