16:36:42 **** Incremental Build of configuration Debug for project bestest ****
make all 
make --no-print-directory pre-build
a9-linaro-pre-build-step
' '
make --no-print-directory main-build
'Building file: ../src/helloworld.c'
'Invoking: ARM v7 gcc compiler'
arm-none-eabi-gcc -Wall -O0 -g3 -c -fmessage-length=0 -MT"src/helloworld.o" -mcpu=cortex-a9 -mfpu=vfpv3 -mfloat-abi=hard -IC:/VITIS/fir2_wrapper/export/fir2_wrapper/sw/fir2_wrapper/standalone_ps7_cortexa9_0/bspinclude/include -MMD -MP -MF"src/helloworld.d" -MT"src/helloworld.o" -o "src/helloworld.o" "../src/helloworld.c"
'Finished building: ../src/helloworld.c'
' '
'Building target: bestest.elf'
'Invoking: ARM v7 gcc linker'
arm-none-eabi-gcc -mcpu=cortex-a9 -mfpu=vfpv3 -mfloat-abi=hard -Wl,-build-id=none -specs=Xilinx.spec -Wl,-T -Wl,../src/lscript.ld -LC:/VITIS/fir2_wrapper/export/fir2_wrapper/sw/fir2_wrapper/standalone_ps7_cortexa9_0/bsplib/lib -o "bestest.elf"  ./src/helloworld.o ./src/platform.o   -Wl,--start-group,-lxil,-lgcc,-lc,--end-group
'Finished building target: bestest.elf'
' '
'Invoking: ARM v7 Print Size'
arm-none-eabi-size bestest.elf  |tee "bestest.elf.size"
   text	   data	    bss	    dec	    hex	filename
  73059	   2550	  22640	  98249	  17fc9	bestest.elf
'Finished building: bestest.elf.size'
' '

16:36:45 Build Finished (took 3s.209ms)

