20:53:25 **** Incremental Build of configuration Debug for project best_fir ****
make all 
make --no-print-directory pre-build
a9-linaro-pre-build-step
' '
make --no-print-directory main-build
'Building file: ../src/helloworld.c'
'Invoking: ARM v7 gcc compiler'
arm-none-eabi-gcc -Wall -O0 -g3 -c -fmessage-length=0 -MT"src/helloworld.o" -mcpu=cortex-a9 -mfpu=vfpv3 -mfloat-abi=hard -IC:/VITIS/best_fir_wrapper/export/best_fir_wrapper/sw/best_fir_wrapper/standalone_ps7_cortexa9_0/bspinclude/include -MMD -MP -MF"src/helloworld.d" -MT"src/helloworld.o" -o "src/helloworld.o" "../src/helloworld.c"
'Finished building: ../src/helloworld.c'
' '
'Building target: best_fir.elf'
'Invoking: ARM v7 gcc linker'
arm-none-eabi-gcc -mcpu=cortex-a9 -mfpu=vfpv3 -mfloat-abi=hard -Wl,-build-id=none -specs=Xilinx.spec -Wl,-T -Wl,../src/lscript.ld -LC:/VITIS/best_fir_wrapper/export/best_fir_wrapper/sw/best_fir_wrapper/standalone_ps7_cortexa9_0/bsplib/lib -o "best_fir.elf"  ./src/helloworld.o ./src/platform.o   -Wl,--start-group,-lxil,-lgcc,-lc,--end-group
'Finished building target: best_fir.elf'
' '
'Invoking: ARM v7 Print Size'
arm-none-eabi-size best_fir.elf  |tee "best_fir.elf.size"
   text	   data	    bss	    dec	    hex	filename
  72755	   2550	  22640	  97945	  17e99	best_fir.elf
'Finished building: best_fir.elf.size'
' '

20:53:27 Build Finished (took 1s.933ms)

