12:22:25 **** Build of configuration Debug for project bestest_fir ****
make all 
make --no-print-directory pre-build
a9-linaro-pre-build-step
' '
make --no-print-directory main-build
'Building file: ../src/helloworld.c'
'Invoking: ARM v7 gcc compiler'
arm-none-eabi-gcc -Wall -O0 -g3 -c -fmessage-length=0 -MT"src/helloworld.o" -mcpu=cortex-a9 -mfpu=vfpv3 -mfloat-abi=hard -IC:/VITIS/final_fir_wrapper/export/final_fir_wrapper/sw/final_fir_wrapper/standalone_ps7_cortexa9_0/bspinclude/include -MMD -MP -MF"src/helloworld.d" -MT"src/helloworld.o" -o "src/helloworld.o" "../src/helloworld.c"
'Finished building: ../src/helloworld.c'
' '
'Building file: ../src/platform.c'
'Invoking: ARM v7 gcc compiler'
arm-none-eabi-gcc -Wall -O0 -g3 -c -fmessage-length=0 -MT"src/platform.o" -mcpu=cortex-a9 -mfpu=vfpv3 -mfloat-abi=hard -IC:/VITIS/final_fir_wrapper/export/final_fir_wrapper/sw/final_fir_wrapper/standalone_ps7_cortexa9_0/bspinclude/include -MMD -MP -MF"src/platform.d" -MT"src/platform.o" -o "src/platform.o" "../src/platform.c"
'Finished building: ../src/platform.c'
' '
'Building target: bestest_fir.elf'
'Invoking: ARM v7 gcc linker'
arm-none-eabi-gcc -mcpu=cortex-a9 -mfpu=vfpv3 -mfloat-abi=hard -Wl,-build-id=none -specs=Xilinx.spec -Wl,-T -Wl,../src/lscript.ld -LC:/VITIS/final_fir_wrapper/export/final_fir_wrapper/sw/final_fir_wrapper/standalone_ps7_cortexa9_0/bsplib/lib -o "bestest_fir.elf"  ./src/helloworld.o ./src/platform.o   -Wl,--start-group,-lxil,-lgcc,-lc,--end-group
'Finished building target: bestest_fir.elf'
' '
'Invoking: ARM v7 Print Size'
arm-none-eabi-size bestest_fir.elf  |tee "bestest_fir.elf.size"
   text	   data	    bss	    dec	    hex	filename
  72755	   2550	  22640	  97945	  17e99	bestest_fir.elf
'Finished building: bestest_fir.elf.size'
' '

12:22:28 Build Finished (took 3s.5ms)

